C51 COMPILER V9.02   DC                                                                    03/14/2016 15:48:51 PAGE 1   


C51 COMPILER V9.02, COMPILATION OF MODULE DC
OBJECT MODULE PLACED IN dc.OBJ
COMPILER INVOKED BY: C:\Keil\C51\BIN\C51.EXE dc.c BROWSE DEBUG OBJECTEXTEND

line level    source

   1          #include<reg51.h>
   2          sbit sw=P0^0;
   3          void delay(long unsigned int t)
   4          {
   5   1       while(t--);
   6   1      }
   7          
   8          
   9          void main()
  10          {
  11   1        int x=0;
  12   1        P3=0x00;
  13   1        while(1)
  14   1          {
  15   2               
  16   2               while(sw==0)
  17   2               {
  18   3                x++;
  19   3                while(sw==0);
  20   3               }
  21   2      
  22   2               if(x==1)
  23   2               {
  24   3                 P2=0x01;
  25   3                 P3=0x01;
  26   3                 P1=0x3f;
  27   3                }
  28   2      
  29   2                       if(x==2)
  30   2               {
  31   3                 P2=0x00;
  32   3                 P3=0x00;
  33   3                 P1=0x06;
  34   3                }
  35   2      
  36   2                if(x==3)
  37   2                {
  38   3                 P2=0x02;
  39   3                 P3=0x02;
  40   3                 P1=0x5b;
  41   3                }
  42   2      
  43   2                if(x==4)
  44   2                 {
  45   3                   P2=0x00;
  46   3                       P3=0x00;
  47   3                       P1=0x4f;
  48   3                      }
  49   2      
  50   2              }
  51   1      
  52   1      }


MODULE INFORMATION:   STATIC OVERLAYABLE
C51 COMPILER V9.02   DC                                                                    03/14/2016 15:48:51 PAGE 2   

   CODE SIZE        =     98    ----
   CONSTANT SIZE    =   ----    ----
   XDATA SIZE       =   ----    ----
   PDATA SIZE       =   ----    ----
   DATA SIZE        =   ----       4
   IDATA SIZE       =   ----    ----
   BIT SIZE         =   ----    ----
END OF MODULE INFORMATION.


C51 COMPILATION COMPLETE.  0 WARNING(S),  0 ERROR(S)
