<html>
<body>
<pre>
<h1>µVision Build Log</h1>
<h2>Project:</h2>
F:\ARM_PROGRAM\UART0\TX.uvproj
Project File Date:  01/10/2015

<h2>Output:</h2>
Build target 'Target 1'
compiling TX.c...
linking...
Program Size: Code=516 RO-data=16 RW-data=0 ZI-data=1256  
FromELF: creating hex file...
"TX.axf" - 0 Error(s), 0 Warning(s).
Rebuild target 'Target 1'
assembling Startup.s...
compiling TX.c...
linking...
Program Size: Code=516 RO-data=16 RW-data=0 ZI-data=1256  
FromELF: creating hex file...
"TX.axf" - 0 Error(s), 0 Warning(s).
Rebuild target 'Target 1'
assembling Startup.s...
compiling TX.c...
linking...
Program Size: Code=516 RO-data=16 RW-data=0 ZI-data=1256  
FromELF: creating hex file...
"TX.axf" - 0 Error(s), 0 Warning(s).
Rebuild target 'Target 1'
assembling Startup.s...
compiling TX.c...
linking...
Program Size: Code=516 RO-data=16 RW-data=0 ZI-data=1256  
FromELF: creating hex file...
"TX.axf" - 0 Error(s), 0 Warning(s).
Rebuild target 'Target 1'
assembling Startup.s...
compiling TX.c...
linking...
Program Size: Code=520 RO-data=16 RW-data=0 ZI-data=1256  
FromELF: creating hex file...
"TX.axf" - 0 Error(s), 0 Warning(s).
Rebuild target 'Target 1'
assembling Startup.s...
compiling TX.c...
linking...
Program Size: Code=520 RO-data=16 RW-data=0 ZI-data=1256  
FromELF: creating hex file...
"TX.axf" - 0 Error(s), 0 Warning(s).
