<html>
<body>
<pre>
<h1>µVision Build Log</h1>
<h2>Project:</h2>
C:\Users\Sabka_Baap\Desktop\abc\UART1+LCD\tx\tx.uvproj
Project File Date:  04/28/2016

<h2>Output:</h2>
Build target 'Target 1'
compiling tx.c...
tx.c(25): warning:  #177-D: variable "i" was declared but never referenced
   unsigned int i,j;
tx.c(25): warning:  #177-D: variable "j" was declared but never referenced
   unsigned int i,j;
tx.c: 2 warnings, 0 errors
linking...
Program Size: Code=884 RO-data=16 RW-data=0 ZI-data=1256  
FromELF: creating hex file...
".\tx.axf" - 0 Error(s), 2 Warning(s).
</pre>
</body>
</html>
