<html>
<body>
<pre>
<h1>µVision Build Log</h1>
<h2>Project:</h2>
C:\Users\Mayank\Desktop\Kiel_projects\2digit_7segment\2digit_7seg.uvproj
Project File Date:  04/21/2016

<h2>Output:</h2>
Rebuild target 'Target 1'
assembling Startup.s...
compiling 2digit_7seg.c...
2digit_7seg.c(44): warning:  #1-D: last line of file ends without a newline
  }
linking...
Program Size: Code=1500 RO-data=56 RW-data=0 ZI-data=1256  
FromELF: creating hex file...
".\2digit_7seg.axf" - 0 Error(s), 1 Warning(s).
</pre>
</body>
</html>
g:  #1-D: last line of file ends without a newline
  }
"2digit_7seg.c" - 0 Error(s), 1 Warning(s).
ges.
".\2digit_7seg.axf" - 1 Error(s), 1 Warning(s).
Target not created
